\BOOKMARK [1][-]{section.1}{\376\377\000I\000n\000t\000r\000o\000d\000u\000c\000t\000i\000o\000n}{}% 1
\BOOKMARK [1][-]{section.2}{\376\377\000D\000a\000t\000a\000,\000\040\000S\000t\000r\000a\000t\000e\000g\000y\000\040\000C\000o\000n\000s\000t\000r\000u\000c\000t\000i\000o\000n\000,\000\040\000a\000n\000d\000\040\000P\000e\000r\000f\000o\000r\000m\000a\000n\000c\000e}{}% 2
\BOOKMARK [2][-]{subsection.2.1}{\376\377\000D\000a\000t\000a\000\040\000a\000n\000d\000\040\000S\000t\000r\000a\000t\000e\000g\000y\000\040\000C\000o\000n\000s\000t\000r\000u\000c\000t\000i\000o\000n}{section.2}% 3
\BOOKMARK [2][-]{subsection.2.2}{\376\377\000I\000n\000d\000e\000x\000\040\000C\000o\000n\000s\000t\000r\000u\000c\000t\000i\000o\000n\000\040\000a\000n\000d\000\040\000W\000e\000i\000g\000h\000t\000i\000n\000g\000\040\000S\000c\000h\000e\000m\000e\000s}{section.2}% 4
\BOOKMARK [2][-]{subsection.2.3}{\376\377\000P\000e\000r\000f\000o\000r\000m\000a\000n\000c\000e\000\040\000A\000n\000a\000l\000y\000s\000i\000s}{section.2}% 5
\BOOKMARK [1][-]{section.3}{\376\377\000B\000e\000n\000c\000h\000m\000a\000r\000k\000\040\000F\000a\000c\000t\000o\000r\000\040\000M\000o\000d\000e\000l\000s}{}% 6
\BOOKMARK [2][-]{subsection.3.1}{\376\377\000B\000e\000n\000c\000h\000m\000a\000r\000k\000\040\000S\000p\000e\000c\000i\000f\000i\000c\000a\000t\000i\000o\000n\000s}{section.3}% 7
\BOOKMARK [2][-]{subsection.3.2}{\376\377\000R\000e\000s\000u\000l\000t\000s\000\040\000a\000n\000d\000\040\000D\000i\000s\000c\000u\000s\000s\000i\000o\000n}{section.3}% 8
\BOOKMARK [1][-]{section.4}{\376\377\000F\000a\000c\000t\000o\000r\000\040\000S\000e\000l\000e\000c\000t\000i\000o\000n\000\040\000a\000n\000d\000\040\000S\000p\000a\000n\000n\000i\000n\000g\000\040\000R\000e\000g\000r\000e\000s\000s\000i\000o\000n\000s}{}% 9
\BOOKMARK [2][-]{subsection.4.1}{\376\377\000C\000a\000n\000d\000i\000d\000a\000t\000e\000\040\000F\000a\000c\000t\000o\000r\000\040\000U\000n\000i\000v\000e\000r\000s\000e}{section.4}% 10
\BOOKMARK [2][-]{subsection.4.2}{\376\377\000P\000r\000i\000n\000c\000i\000p\000a\000l\000\040\000C\000o\000m\000p\000o\000n\000e\000n\000t\000\040\000A\000n\000a\000l\000y\000s\000i\000s}{section.4}% 11
\BOOKMARK [2][-]{subsection.4.3}{\376\377\000A\000d\000a\000p\000t\000i\000v\000e\000\040\000E\000l\000a\000s\000t\000i\000c\000\040\000N\000e\000t}{section.4}% 12
\BOOKMARK [2][-]{subsection.4.4}{\376\377\000C\000o\000n\000d\000i\000t\000i\000o\000n\000a\000l\000\040\000A\000l\000p\000h\000a}{section.4}% 13
\BOOKMARK [2][-]{subsection.4.5}{\376\377\000D\000i\000s\000c\000u\000s\000s\000i\000o\000n\000,\000\040\000M\000e\000t\000h\000o\000d\000\040\000C\000o\000m\000p\000a\000r\000i\000s\000o\000n\000,\000\040\000a\000n\000d\000\040\000R\000o\000b\000u\000s\000t\000n\000e\000s\000s}{section.4}% 14
\BOOKMARK [1][-]{section.5}{\376\377\000C\000r\000o\000s\000s\000-\000S\000t\000r\000a\000t\000e\000g\000y\000\040\000I\000n\000t\000e\000r\000d\000e\000p\000e\000n\000d\000e\000n\000c\000i\000e\000s}{}% 15
\BOOKMARK [2][-]{subsection.5.1}{\376\377\000M\000i\000s\000p\000r\000i\000c\000i\000n\000g\000\040\000C\000o\000n\000s\000t\000r\000u\000c\000t\000i\000o\000n\000\040\000a\000n\000d\000\040\000S\000t\000r\000e\000s\000s\000\040\000R\000e\000g\000i\000m\000e\000s}{section.5}% 16
\BOOKMARK [2][-]{subsection.5.2}{\376\377\000P\0001\000:\000\040\000C\000r\000o\000s\000s\000-\000M\000a\000r\000k\000e\000t\000\040\000C\000o\000-\000M\000o\000v\000e\000m\000e\000n\000t}{section.5}% 17
\BOOKMARK [2][-]{subsection.5.3}{\376\377\000P\0002\000:\000\040\000S\000t\000r\000e\000s\000s\000\040\000A\000m\000p\000l\000i\000f\000i\000c\000a\000t\000i\000o\000n}{section.5}% 18
\BOOKMARK [2][-]{subsection.5.4}{\376\377\000P\0003\000:\000\040\000L\000e\000a\000d\040\023\000L\000a\000g\000\040\000T\000r\000a\000n\000s\000m\000i\000s\000s\000i\000o\000n}{section.5}% 19
\BOOKMARK [2][-]{subsection.5.5}{\376\377\000P\0004\000:\000\040\000P\000e\000r\000s\000i\000s\000t\000e\000n\000c\000e\000\040\000a\000n\000d\000\040\000F\000u\000n\000d\000i\000n\000g\000-\000D\000e\000p\000e\000n\000d\000e\000n\000c\000e}{section.5}% 20
\BOOKMARK [2][-]{subsection.5.6}{\376\377\000P\0005\000:\000\040\000T\000h\000e\000\040\000C\000o\000m\000m\000o\000n\000\040\000F\000a\000c\000t\000o\000r}{section.5}% 21
\BOOKMARK [2][-]{subsection.5.7}{\376\377\000D\000i\000s\000c\000u\000s\000s\000i\000o\000n\000:\000\040\000W\000h\000y\000\040\000T\000h\000e\000s\000e\000\040\000A\000r\000b\000i\000t\000r\000a\000g\000e\000s\000\040\000P\000e\000r\000s\000i\000s\000t}{section.5}% 22
\BOOKMARK [1][-]{section.6}{\376\377\000C\000o\000n\000c\000l\000u\000s\000i\000o\000n}{}% 23
\BOOKMARK [1][-]{appendix.A}{\376\377\000A\000p\000p\000e\000n\000d\000i\000x}{}% 24
\BOOKMARK [2][-]{subsection.A.1}{\376\377\000B\000T\000P\000\040\000I\000t\000a\000l\000i\000a\000:\000\040\000I\000n\000d\000e\000x\000a\000t\000i\000o\000n\000\040\000C\000o\000e\000f\000f\000i\000c\000i\000e\000n\000t\000\040\000a\000n\000d\000\040\000D\000e\000f\000l\000a\000t\000i\000o\000n\000\040\000F\000l\000o\000o\000r\000s}{appendix.A}% 25
\BOOKMARK [2][-]{subsection.A.2}{\376\377\000T\000r\000a\000d\000e\000\040\000C\000o\000n\000s\000t\000r\000u\000c\000t\000i\000o\000n\000\040\000D\000e\000t\000a\000i\000l\000s}{appendix.A}% 26
\BOOKMARK [3][-]{subsubsection.A.2.1}{\376\377\000E\000n\000t\000r\000y\000/\000E\000x\000i\000t\000\040\000R\000u\000l\000e\000s\000\040\000a\000n\000d\000\040\000T\000h\000r\000e\000s\000h\000o\000l\000d\000s}{subsection.A.2}% 27
\BOOKMARK [3][-]{subsubsection.A.2.2}{\376\377\000T\000r\000a\000d\000e\000-\000L\000e\000v\000e\000l\000\040\000S\000t\000a\000t\000i\000s\000t\000i\000c\000s}{subsection.A.2}% 28
\BOOKMARK [3][-]{subsubsection.A.2.3}{\376\377\000T\000r\000a\000n\000s\000a\000c\000t\000i\000o\000n\000\040\000C\000o\000s\000t\000s}{subsection.A.2}% 29
\BOOKMARK [2][-]{subsection.A.3}{\376\377\000S\000i\000g\000n\000a\000l\000-\000W\000e\000i\000g\000h\000t\000e\000d\000\040\000v\000s\000\040\000E\000q\000u\000a\000l\000-\000W\000e\000i\000g\000h\000t\000e\000d\000\040\000C\000o\000m\000p\000a\000r\000i\000s\000o\000n}{appendix.A}% 30
\BOOKMARK [2][-]{subsection.A.4}{\376\377\000V\000o\000l\000a\000t\000i\000l\000i\000t\000y\000-\000M\000a\000n\000a\000g\000e\000d\000\040\000P\000o\000r\000t\000f\000o\000l\000i\000o\000s}{appendix.A}% 31
\BOOKMARK [2][-]{subsection.A.5}{\376\377\000C\000a\000n\000d\000i\000d\000a\000t\000e\000\040\000F\000a\000c\000t\000o\000r\000\040\000U\000n\000i\000v\000e\000r\000s\000e}{appendix.A}% 32
\BOOKMARK [3][-]{subsubsection.A.5.1}{\376\377\000C\000o\000m\000p\000l\000e\000t\000e\000\040\000F\000a\000c\000t\000o\000r\000\040\000L\000i\000s\000t\000\040\000w\000i\000t\000h\000\040\000S\000o\000u\000r\000c\000e\000s}{subsection.A.5}% 33
\BOOKMARK [2][-]{subsection.A.6}{\376\377\000P\000C\000A\000\040\000R\000o\000b\000u\000s\000t\000n\000e\000s\000s}{appendix.A}% 34
\BOOKMARK [3][-]{subsubsection.A.6.1}{\376\377\000R\000o\000b\000u\000s\000t\000n\000e\000s\000s\000\040\000a\000c\000r\000o\000s\000s\000\040\000t\000h\000e\000\040\000N\000u\000m\000b\000e\000r\000\040\000o\000f\000\040\000C\000o\000m\000p\000o\000n\000e\000n\000t\000s}{subsection.A.6}% 35
\BOOKMARK [3][-]{subsubsection.A.6.2}{\376\377\000S\000u\000b\000p\000e\000r\000i\000o\000d\000\040\000a\000n\000d\000\040\000R\000e\000g\000i\000m\000e\000\040\000A\000n\000a\000l\000y\000s\000i\000s}{subsection.A.6}% 36
\BOOKMARK [3][-]{subsubsection.A.6.3}{\376\377\000C\000o\000n\000d\000i\000t\000i\000o\000n\000a\000l\000\040\000A\000l\000p\000h\000a\000:\000\040\000F\000e\000r\000s\000o\000n\040\023\000S\000c\000h\000a\000d\000t\000\040\000a\000n\000d\000\040\000T\000h\000r\000e\000s\000h\000o\000l\000d\000\040\000R\000o\000b\000u\000s\000t\000n\000e\000s\000s\000\040\000\050\000P\000C\000A\000\051}{subsection.A.6}% 37
\BOOKMARK [3][-]{subsubsection.A.6.4}{\376\377\000V\000a\000r\000i\000a\000n\000c\000e\000\040\000D\000i\000a\000g\000n\000o\000s\000t\000i\000c\000s}{subsection.A.6}% 38
\BOOKMARK [2][-]{subsection.A.7}{\376\377\000A\000E\000N\000\040\000R\000o\000b\000u\000s\000t\000n\000e\000s\000s}{appendix.A}% 39
\BOOKMARK [3][-]{subsubsection.A.7.1}{\376\377\000S\000e\000n\000s\000i\000t\000i\000v\000i\000t\000y\000\040\000t\000o\000\040\000H\000y\000p\000e\000r\000p\000a\000r\000a\000m\000e\000t\000e\000r\000s}{subsection.A.7}% 40
\BOOKMARK [3][-]{subsubsection.A.7.2}{\376\377\000F\000a\000c\000t\000o\000r\000\040\000S\000e\000l\000e\000c\000t\000i\000o\000n\000\040\000A\000c\000r\000o\000s\000s\000\040\000M\000e\000t\000h\000o\000d\000s}{subsection.A.7}% 41
\BOOKMARK [3][-]{subsubsection.A.7.3}{\376\377\000C\000o\000n\000d\000i\000t\000i\000o\000n\000a\000l\000\040\000A\000l\000p\000h\000a\000:\000\040\000D\000e\000t\000a\000i\000l\000e\000d\000\040\000R\000e\000s\000u\000l\000t\000s\000\040\000\050\000A\000E\000N\000\051}{subsection.A.7}% 42
\BOOKMARK [3][-]{subsubsection.A.7.4}{\376\377\000R\000o\000l\000l\000i\000n\000g\000\040\000A\000l\000p\000h\000a}{subsection.A.7}% 43
\BOOKMARK [2][-]{subsection.A.8}{\376\377\000S\000u\000b\000p\000e\000r\000i\000o\000d\000\040\000a\000n\000d\000\040\000R\000o\000l\000l\000i\000n\000g\000\040\000W\000i\000n\000d\000o\000w\000\040\000A\000n\000a\000l\000y\000s\000i\000s}{appendix.A}% 44
\BOOKMARK [3][-]{subsubsection.A.8.1}{\376\377\000D\000u\000a\000r\000t\000e\000\040\000e\000t\000\040\000a\000l\000.\000\040\000\050\0002\0000\0000\0007\000\051}{subsection.A.8}% 45
\BOOKMARK [3][-]{subsubsection.A.8.2}{\376\377\000B\000r\000o\000o\000k\000s\000\040\000e\000t\000\040\000a\000l\000.\000\040\000\050\0002\0000\0002\0000\000\051\000\040\040\024\000\040\000A\000c\000t\000i\000v\000e\000\040\000F\000i\000x\000e\000d\000\040\000I\000n\000c\000o\000m\000e}{subsection.A.8}% 46
\BOOKMARK [3][-]{subsubsection.A.8.3}{\376\377\000F\000u\000n\000g\000\040\000\046\000\040\000H\000s\000i\000e\000h\000\040\000\050\0002\0000\0000\0004\000\051}{subsection.A.8}% 47
\BOOKMARK [2][-]{subsection.A.9}{\376\377\000C\000r\000o\000s\000s\000-\000S\000t\000r\000a\000t\000e\000g\000y\000\040\000I\000n\000t\000e\000r\000d\000e\000p\000e\000n\000d\000e\000n\000c\000i\000e\000s\000:\000\040\000A\000d\000d\000i\000t\000i\000o\000n\000a\000l\000\040\000T\000e\000s\000t\000s}{appendix.A}% 48
\BOOKMARK [3][-]{subsubsection.A.9.1}{\376\377\000P\000u\000r\000g\000e\000d\000\040\000C\000o\000r\000r\000e\000l\000a\000t\000i\000o\000n\000s}{subsection.A.9}% 49
\BOOKMARK [3][-]{subsubsection.A.9.2}{\376\377\000D\000C\000C\000-\000G\000A\000R\000C\000H}{subsection.A.9}% 50
\BOOKMARK [3][-]{subsubsection.A.9.3}{\376\377\000G\000r\000a\000n\000g\000e\000r\000\040\000C\000a\000u\000s\000a\000l\000i\000t\000y\000:\000\040\000L\000a\000g\000\040\000R\000o\000b\000u\000s\000t\000n\000e\000s\000s}{subsection.A.9}% 51
\BOOKMARK [2][-]{subsection.A.10}{\376\377\000V\000I\000F\000\040\000D\000i\000a\000g\000n\000o\000s\000t\000i\000c\000s}{appendix.A}% 52
\BOOKMARK [1][-]{table.caption.57}{\376\377\000T\000a\000b\000l\000e\000s}{}% 53
