This is pdfTeX, Version 3.141592653-2.6-1.40.29 (MiKTeX 26.1) (preloaded format=pdflatex 2026.2.1)  18 APR 2026 12:46
entering extended mode
 restricted \write18 enabled.
 %&-line parsing enabled.
**skeleton_paper_1.tex
(C:\Users\aless\AppData\Local\Programs\MiKTeX\tex/latex/tools\R.tex
LaTeX2e <2025-11-01>
L3 programming layer <2026-01-19>
File ignored
)
! Emergency stop.
<*> skeleton_paper_1.tex
                        
*** (job aborted, no legal \end found)

 
Here is how much of TeX's memory you used:
 17 strings out of 467866
 470 string characters out of 5418326
 433759 words of memory out of 5000000
 29000 multiletter control sequences out of 15000+600000
 627721 words of font info for 40 fonts, out of 8000000 for 9000
 1141 hyphenation exceptions out of 8191
 12i,0n,13p,100b,8s stack positions out of 10000i,1000n,20000p,200000b,200000s
!  ==> Fatal error occurred, no output PDF file produced!
